"""
Test cases for add_integer function
"""

>>> add_integer = __import__('0-add_integer').add_integer

# Test Case 1: Two positive integers
>>> add_integer(1, 2)
3

# Test Case 2: Positive and negative integer
>>> add_integer(100, -2)
98

# Test Case 3: Using default value for b
>>> add_integer(2)
100

# Test Case 4: Float and integer
>>> add_integer(100.3, -2)
98

# Test Case 5: Two floats
>>> add_integer(5.5, 4.5)
9

# Test Case 6: b is a string
>>> add_integer(4, "School")
Traceback (most recent call last):
...
TypeError: b must be an integer

# Test Case 7: a is None
>>> add_integer(None)
Traceback (most recent call last):
...
TypeError: a must be an integer

# Test Case 8: a is a string
>>> add_integer("hello", 5)
Traceback (most recent call last):
...
TypeError: a must be an integer

# Test Case 9: Both are strings
>>> add_integer("hello", "world")
Traceback (most recent call last):
...
TypeError: a must be an integer

# Test Case 10: b is None
>>> add_integer(5, None)
Traceback (most recent call last):
...
TypeError: b must be an integer

# Test Case 11: Negative floats
>>> add_integer(-5.5, -4.5)
-9

# Test Case 12: Zero values
>>> add_integer(0, 0)
0

# Test Case 13: Large numbers
>>> add_integer(1000000, 2000000)
3000000

# Test Case 14: a is a list
>>> add_integer([1, 2, 3], 5)
Traceback (most recent call last):
...
TypeError: a must be an integer

# Test Case 15: b is a list
>>> add_integer(5, [1, 2, 3])
Traceback (most recent call last):
...
TypeError: b must be an integer

# Test Case 16: Float infinity
>>> add_integer(float('inf'), 5)
Traceback (most recent call last):
...
TypeError: a must be an integer

# Test Case 17: Float negative infinity
>>> add_integer(5, float('-inf'))
Traceback (most recent call last):
...
TypeError: b must be an integer

# Test Case 18: Float NaN
>>> add_integer(float('nan'), 5)
Traceback (most recent call last):
...
TypeError: a must be an integer

# Test Case 19: No arguments
>>> add_integer()
Traceback (most recent call last):
...
TypeError: add_integer() missing 1 required positional argument: 'a'

# Test Case 20: Very small float
>>> add_integer(0.1, 0.2)
0
