"""
Test cases for matrix_mul function
"""

>>> matrix_mul = __import__('100-matrix_mul').matrix_mul

# Test Case 1: Basic 2x2 matrices multiplication
>>> matrix_mul([[1, 2], [3, 4]], [[1, 2], [3, 4]])
[[7, 10], [15, 22]]

# Test Case 2: 1x2 and 2x2 matrices
>>> matrix_mul([[1, 2]], [[3, 4], [5, 6]])
[[13, 16]]

# Test Case 3: 2x3 and 3x2 matrices
>>> matrix_mul([[1, 2, 3], [4, 5, 6]], [[7, 8], [9, 10], [11, 12]])
[[58, 64], [139, 154]]

# Test Case 4: m_a is not a list
>>> matrix_mul("not a list", [[1, 2]])
Traceback (most recent call last):
...
TypeError: m_a must be a list

# Test Case 5: m_b is not a list
>>> matrix_mul([[1, 2]], "not a list")
Traceback (most recent call last):
...
TypeError: m_b must be a list

# Test Case 6: m_a is not a list of lists
>>> matrix_mul([1, 2, 3], [[1, 2]])
Traceback (most recent call last):
...
TypeError: m_a must be a list of lists

# Test Case 7: m_b is not a list of lists
>>> matrix_mul([[1, 2]], [1, 2, 3])
Traceback (most recent call last):
...
TypeError: m_b must be a list of lists

# Test Case 8: m_a is empty
>>> matrix_mul([], [[1, 2]])
Traceback (most recent call last):
...
ValueError: m_a can't be empty

# Test Case 9: m_a is [[]]
>>> matrix_mul([[]], [[1, 2]])
Traceback (most recent call last):
...
ValueError: m_a can't be empty

# Test Case 10: m_b is empty
>>> matrix_mul([[1, 2]], [])
Traceback (most recent call last):
...
ValueError: m_b can't be empty

# Test Case 11: m_b is [[]]
>>> matrix_mul([[1, 2]], [[]])
Traceback (most recent call last):
...
ValueError: m_b can't be empty

# Test Case 12: m_a contains non-numeric element
>>> matrix_mul([[1, "2"], [3, 4]], [[1, 2], [3, 4]])
Traceback (most recent call last):
...
TypeError: m_a should contain only integers or floats

# Test Case 13: m_b contains non-numeric element
>>> matrix_mul([[1, 2], [3, 4]], [[1, "2"], [3, 4]])
Traceback (most recent call last):
...
TypeError: m_b should contain only integers or floats

# Test Case 14: m_a rows are not the same size
>>> matrix_mul([[1, 2], [3, 4, 5]], [[1, 2], [3, 4]])
Traceback (most recent call last):
...
TypeError: each row of m_a must be of the same size

# Test Case 15: m_b rows are not the same size
>>> matrix_mul([[1, 2], [3, 4]], [[1, 2], [3, 4, 5]])
Traceback (most recent call last):
...
TypeError: each row of m_b must be of the same size

# Test Case 16: m_a and m_b can't be multiplied
>>> matrix_mul([[1, 2, 3]], [[4, 5], [6, 7]])
Traceback (most recent call last):
...
ValueError: m_a and m_b can't be multiplied

# Test Case 17: Matrix with floats
>>> matrix_mul([[1.5, 2.5], [3.5, 4.5]], [[1.0, 2.0], [3.0, 4.0]])
[[9.0, 13.0], [17.0, 23.0]]

# Test Case 18: Single element matrices
>>> matrix_mul([[5]], [[3]])
[[15]]

# Test Case 19: Matrix with negative numbers
>>> matrix_mul([[-1, -2], [-3, -4]], [[1, 2], [3, 4]])
[[-7, -10], [-15, -22]]

# Test Case 20: 3x3 identity matrix
>>> matrix_mul([[1, 2, 3], [4, 5, 6], [7, 8, 9]], [[1, 0, 0], [0, 1, 0], [0, 0, 1]])
[[1, 2, 3], [4, 5, 6], [7, 8, 9]]

# Test Case 21: m_a contains None
>>> matrix_mul([[1, None], [3, 4]], [[1, 2], [3, 4]])
Traceback (most recent call last):
...
TypeError: m_a should contain only integers or floats

# Test Case 22: m_b contains None
>>> matrix_mul([[1, 2], [3, 4]], [[1, None], [3, 4]])
Traceback (most recent call last):
...
TypeError: m_b should contain only integers or floats

# Test Case 23: Missing one argument
>>> matrix_mul([[1, 2], [3, 4]])
Traceback (most recent call last):
...
TypeError: matrix_mul() missing 1 required positional argument: 'm_b'

# Test Case 24: Missing both arguments
>>> matrix_mul()
Traceback (most recent call last):
...
TypeError: matrix_mul() missing 2 required positional arguments: 'm_a' and 'm_b'

# Test Case 25: Matrix with zeros
>>> matrix_mul([[0, 0], [0, 0]], [[1, 2], [3, 4]])
[[0, 0], [0, 0]]
