==========================
Matrix Multiplication
==========================

>>> matrix_mul = __import__('100-matrix_mul').matrix_mul

==========================
Valid Multiplications
==========================

>>> matrix_mul([[1, 2], [3, 4]], [[1, 2], [3, 4]])
[[7, 10], [15, 22]]

>>> matrix_mul([[1, 2]], [[3, 4], [5, 6]])
[[13, 16]]

>>> matrix_mul([[2]], [[3]])
[[6]]

>>> matrix_mul([[1, 2, 3]], [[4], [5], [6]])
[[32]]

>>> matrix_mul([[1, 2], [3, 4], [5, 6]], [[7, 8, 9], [10, 11, 12]])
[[27, 30, 33], [61, 68, 75], [95, 106, 117]]

==========================
Type Validation
==========================

>>> matrix_mul("not a list", [[1, 2], [3, 4]])
Traceback (most recent call last):
TypeError: m_a must be a list

>>> matrix_mul([[1, 2], [3, 4]], "not a list")
Traceback (most recent call last):
TypeError: m_b must be a list

>>> matrix_mul([1, 2, 3], [[1]])
Traceback (most recent call last):
TypeError: m_a must be a list of lists

>>> matrix_mul([[1, 2], [3, 4]], [1, 2, 3])
Traceback (most recent call last):
TypeError: m_b must be a list of lists

==========================
Empty Matrix Validation
==========================

>>> matrix_mul([], [[1]])
Traceback (most recent call last):
ValueError: m_a can't be empty

>>> matrix_mul([[]], [[1]])
Traceback (most recent call last):
ValueError: m_a can't be empty

>>> matrix_mul([[1]], [])
Traceback (most recent call last):
ValueError: m_b can't be empty

>>> matrix_mul([[1]], [[]])
Traceback (most recent call last):
ValueError: m_b can't be empty

==========================
Content Validation
==========================

>>> matrix_mul([[1, "a"]], [[1]])
Traceback (most recent call last):
TypeError: m_a should contain only integers or floats

>>> matrix_mul([[1]], [["a"]])
Traceback (most recent call last):
TypeError: m_b should contain only integers or floats

==========================
Rectangle Validation
==========================

>>> matrix_mul([[1, 2], [3]], [[1], [2]])
Traceback (most recent call last):
TypeError: each row of m_a must be of the same size

>>> matrix_mul([[1], [2]], [[1, 2], [3]])
Traceback (most recent call last):
TypeError: each row of m_b must be of the same size

==========================
Multiplication Compatibility
==========================

>>> matrix_mul([[1, 2, 3]], [[1, 2], [3, 4]])
Traceback (most recent call last):
ValueError: m_a and m_b can't be multiplied
