"""
Test cases for lazy_matrix_mul function using NumPy
"""

>>> lazy_matrix_mul = __import__('101-lazy_matrix_mul').lazy_matrix_mul

# Test Case 1: Basic 2x2 matrices multiplication
>>> print(lazy_matrix_mul([[1, 2], [3, 4]], [[1, 2], [3, 4]]))
[[ 7 10]
 [15 22]]

# Test Case 2: 1x2 and 2x2 matrices
>>> print(lazy_matrix_mul([[1, 2]], [[3, 4], [5, 6]]))
[[13 16]]

# Test Case 3: 2x3 and 3x2 matrices
>>> print(lazy_matrix_mul([[1, 2, 3], [4, 5, 6]], [[7, 8], [9, 10], [11, 12]]))
[[ 58  64]
 [139 154]]

# Test Case 4: m_a is not a list (string)
>>> lazy_matrix_mul("not a list", [[1, 2]])
Traceback (most recent call last):
...
ValueError: Scalar operands are not allowed, use '*' instead

# Test Case 5: m_b is not a list (string)
>>> lazy_matrix_mul([[1, 2]], "not a list")
Traceback (most recent call last):
...
ValueError: Scalar operands are not allowed, use '*' instead

# Test Case 6: m_a is not a list (integer)
>>> lazy_matrix_mul(5, [[1, 2]])
Traceback (most recent call last):
...
ValueError: Scalar operands are not allowed, use '*' instead

# Test Case 7: m_b is not a list (integer)
>>> lazy_matrix_mul([[1, 2]], 5)
Traceback (most recent call last):
...
ValueError: Scalar operands are not allowed, use '*' instead

# Test Case 8: m_a is empty
>>> lazy_matrix_mul([], [[1, 2]])
Traceback (most recent call last):
...
ValueError: shapes (0,) and (1,2) not aligned: 0 (dim 0) != 1 (dim 0)

# Test Case 9: m_a is [[]]
>>> lazy_matrix_mul([[]], [[1, 2]])
Traceback (most recent call last):
...
ValueError: shapes (1,0) and (1,2) not aligned: 0 (dim 1) != 1 (dim 0)

# Test Case 10: m_b is empty
>>> lazy_matrix_mul([[1, 2]], [])
Traceback (most recent call last):
...
ValueError: shapes (1,2) and (0,) not aligned: 2 (dim 1) != 0 (dim 0)

# Test Case 11: m_b is [[]]
>>> lazy_matrix_mul([[1, 2]], [[]])
Traceback (most recent call last):
...
ValueError: shapes (1,2) and (1,0) not aligned: 2 (dim 1) != 1 (dim 0)

# Test Case 12: m_a contains non-numeric element (string)
>>> lazy_matrix_mul([[1, "2"], [3, 4]], [[1, 2], [3, 4]])
Traceback (most recent call last):
...
TypeError: invalid data type for einsum

# Test Case 13: m_b contains non-numeric element (string)
>>> lazy_matrix_mul([[1, 2], [3, 4]], [[1, "2"], [3, 4]])
Traceback (most recent call last):
...
TypeError: invalid data type for einsum

# Test Case 14: m_a rows are not the same size
>>> lazy_matrix_mul([[1, 2], [3, 4, 5]], [[1, 2], [3, 4]])
Traceback (most recent call last):
...
ValueError: setting an array element with a sequence.

# Test Case 15: m_b rows are not the same size
>>> lazy_matrix_mul([[1, 2], [3, 4]], [[1, 2], [3, 4, 5]])
Traceback (most recent call last):
...
ValueError: setting an array element with a sequence.

# Test Case 16: m_a and m_b can't be multiplied (incompatible dimensions)
>>> lazy_matrix_mul([[1, 2, 3]], [[4, 5], [6, 7]])
Traceback (most recent call last):
...
ValueError: shapes (1,3) and (2,2) not aligned: 3 (dim 1) != 2 (dim 0)

# Test Case 17: Matrix with floats
>>> print(lazy_matrix_mul([[1.5, 2.5], [3.5, 4.5]], [[1.0, 2.0], [3.0, 4.0]]))
[[  9.  13.]
 [ 17.  23.]]

# Test Case 18: Single element matrices
>>> print(lazy_matrix_mul([[5]], [[3]]))
[[15]]

# Test Case 19: Matrix with negative numbers
>>> print(lazy_matrix_mul([[-1, -2], [-3, -4]], [[1, 2], [3, 4]]))
[[ -7 -10]
 [-15 -22]]

# Test Case 20: 3x3 identity matrix
>>> print(lazy_matrix_mul([[1, 2, 3], [4, 5, 6], [7, 8, 9]], [[1, 0, 0], [0, 1, 0], [0, 0, 1]]))
[[1 2 3]
 [4 5 6]
 [7 8 9]]

# Test Case 21: m_a contains None
>>> lazy_matrix_mul([[1, None], [3, 4]], [[1, 2], [3, 4]])
Traceback (most recent call last):
...
TypeError: ...

# Test Case 22: m_b contains None
>>> lazy_matrix_mul([[1, 2], [3, 4]], [[1, None], [3, 4]])
Traceback (most recent call last):
...
TypeError: ...

# Test Case 23: Missing one argument
>>> lazy_matrix_mul([[1, 2], [3, 4]])
Traceback (most recent call last):
...
TypeError: lazy_matrix_mul() missing 1 required positional argument: 'm_b'

# Test Case 24: Missing both arguments
>>> lazy_matrix_mul()
Traceback (most recent call last):
...
TypeError: lazy_matrix_mul() missing 2 required positional arguments: 'm_a' and 'm_b'

# Test Case 25: Matrix with zeros
>>> print(lazy_matrix_mul([[0, 0], [0, 0]], [[1, 2], [3, 4]]))
[[0 0]
 [0 0]]

# Test Case 26: m_a is a list of non-lists
>>> lazy_matrix_mul([1, 2, 3], [[1, 2], [3, 4]])
Traceback (most recent call last):
...
ValueError: shapes (3,) and (2,2) not aligned: 3 (dim 0) != 2 (dim 0)

# Test Case 27: m_b is a list of non-lists
>>> lazy_matrix_mul([[1, 2], [3, 4]], [1, 2, 3])
Traceback (most recent call last):
...
ValueError: shapes (2,2) and (3,) not aligned: 2 (dim 1) != 3 (dim 0)
