"""
Test cases for print_square function
"""

>>> print_square = __import__('4-print_square').print_square

# Test Case 1: Print a 4x4 square
>>> print_square(4)
####
####
####
####

# Test Case 2: Print a 10x10 square
>>> print_square(10)
##########
##########
##########
##########
##########
##########
##########
##########
##########
##########

# Test Case 3: Print a 0x0 square (empty)
>>> print_square(0)

# Test Case 4: Print a 1x1 square
>>> print_square(1)
#

# Test Case 5: Negative size
>>> print_square(-1)
Traceback (most recent call last):
...
ValueError: size must be >= 0

# Test Case 6: size is a string
>>> print_square("3")
Traceback (most recent call last):
...
TypeError: size must be an integer

# Test Case 7: size is a float
>>> print_square(3.5)
Traceback (most recent call last):
...
TypeError: size must be an integer

# Test Case 8: size is a negative float
>>> print_square(-3.5)
Traceback (most recent call last):
...
TypeError: size must be an integer

# Test Case 9: size is None
>>> print_square(None)
Traceback (most recent call last):
...
TypeError: size must be an integer

# Test Case 10: size is a list
>>> print_square([3])
Traceback (most recent call last):
...
TypeError: size must be an integer

# Test Case 11: Print a 2x2 square
>>> print_square(2)
##
##

# Test Case 12: Print a 3x3 square
>>> print_square(3)
###
###
###

# Test Case 13: Large square (5x5)
>>> print_square(5)
#####
#####
#####
#####
#####

# Test Case 15: size is a tuple
>>> print_square((3,))
Traceback (most recent call last):
...
TypeError: size must be an integer

# Test Case 16: size is a dictionary
>>> print_square({"size": 3})
Traceback (most recent call last):
...
TypeError: size must be an integer

# Test Case 17: Missing argument
>>> print_square()
Traceback (most recent call last):
...
TypeError: print_square() missing 1 required positional argument: 'size'

# Test Case 18: Negative integer
>>> print_square(-5)
Traceback (most recent call last):
...
ValueError: size must be >= 0

# Test Case 19: Float zero
>>> print_square(0.0)
Traceback (most recent call last):
...
TypeError: size must be an integer

# Test Case 20: Very large negative number
>>> print_square(-100)
Traceback (most recent call last):
...
ValueError: size must be >= 0
